serialGC
xms xmx相等时，堆大小，new代 old代大小不变化；
xms xmx不等时，fullgc后堆逐步扩大
fullGC时间明显大于minor GC
F:\javacourse>java -XX:+UseSerialGC -Xms512m -Xmx512m  -XX:+PrintGCDetails -XX:+PrintGCDateStamps GCLogAnalysis
正在执行...
2020-10-27T19:57:59.208+0800: [GC (Allocation Failure) 2020-10-27T19:57:59.208+0800: [DefNew: 139776K->17472K(157248K), 0.0300362 secs] 139776K->43501K(506816K), 0.0305715 secs] [Times: user=0.02 sys=0.02,
real=0.03 secs]
2020-10-27T19:57:59.276+0800: [GC (Allocation Failure) 2020-10-27T19:57:59.276+0800: [DefNew: 157248K->17471K(157248K), 0.0430725 secs] 183277K->94606K(506816K), 0.0435011 secs] [Times: user=0.05 sys=0.00,
real=0.04 secs]
2020-10-27T19:57:59.359+0800: [GC (Allocation Failure) 2020-10-27T19:57:59.359+0800: [DefNew: 157241K->17471K(157248K), 0.0312185 secs] 234375K->137620K(506816K), 0.0316842 secs] [Times: user=0.02 sys=0.02,
 real=0.03 secs]
2020-10-27T19:57:59.433+0800: [GC (Allocation Failure) 2020-10-27T19:57:59.434+0800: [DefNew: 157247K->17471K(157248K), 0.0364714 secs] 277396K->188706K(506816K), 0.0370977 secs] [Times: user=0.01 sys=0.03,
 real=0.04 secs]
2020-10-27T19:57:59.508+0800: [GC (Allocation Failure) 2020-10-27T19:57:59.509+0800: [DefNew: 157247K->17471K(157248K), 0.0366639 secs] 328482K->241523K(506816K), 0.0370782 secs] [Times: user=0.03 sys=0.00,
 real=0.04 secs]
2020-10-27T19:57:59.583+0800: [GC (Allocation Failure) 2020-10-27T19:57:59.584+0800: [DefNew: 157247K->17471K(157248K), 0.0309967 secs] 381299K->284943K(506816K), 0.0315294 secs] [Times: user=0.03 sys=0.00,
 real=0.03 secs]
2020-10-27T19:57:59.650+0800: [GC (Allocation Failure) 2020-10-27T19:57:59.651+0800: [DefNew: 157247K->17471K(157248K), 0.0338356 secs] 424719K->334101K(506816K), 0.0343239 secs] [Times: user=0.03 sys=0.00,
 real=0.04 secs]
2020-10-27T19:57:59.728+0800: [GC (Allocation Failure) 2020-10-27T19:57:59.728+0800: [DefNew: 157247K->157247K(157248K), 0.0005470 secs]2020-10-27T19:57:59.729+0800: [Tenured: 316629K->269359K(349568K), 0.0
558864 secs] 473877K->269359K(506816K), [Metaspace: 2598K->2598K(1056768K)], 0.0583789 secs] [Times: user=0.05 sys=0.00, real=0.06 secs]
2020-10-27T19:57:59.825+0800: [GC (Allocation Failure) 2020-10-27T19:57:59.825+0800: [DefNew: 139776K->17471K(157248K), 0.0107603 secs] 409135K->313635K(506816K), 0.0116023 secs] [Times: user=0.00 sys=0.00,
 real=0.01 secs]
2020-10-27T19:57:59.875+0800: [GC (Allocation Failure) 2020-10-27T19:57:59.876+0800: [DefNew: 157247K->157247K(157248K), 0.0009957 secs]2020-10-27T19:57:59.877+0800: [Tenured: 296163K->295277K(349568K), 0.0
624987 secs] 453411K->295277K(506816K), [Metaspace: 2598K->2598K(1056768K)], 0.0651574 secs] [Times: user=0.06 sys=0.00, real=0.07 secs]
2020-10-27T19:57:59.979+0800: [GC (Allocation Failure) 2020-10-27T19:57:59.979+0800: [DefNew: 139776K->17471K(157248K), 0.0128128 secs] 435053K->338534K(506816K), 0.0132883 secs] [Times: user=0.01 sys=0.00,
 real=0.01 secs]
2020-10-27T19:58:00.029+0800: [GC (Allocation Failure) 2020-10-27T19:58:00.029+0800: [DefNew: 157205K->157205K(157248K), 0.0003464 secs]2020-10-27T19:58:00.030+0800: [Tenured: 321063K->314048K(349568K), 0.0
653804 secs] 478268K->314048K(506816K), [Metaspace: 2598K->2598K(1056768K)], 0.0689141 secs] [Times: user=0.06 sys=0.00, real=0.07 secs]
执行结束!共生成对象次数:6256
Heap
 def new generation   total 157248K, used 5725K [0x00000000e0000000, 0x00000000eaaa0000, 0x00000000eaaa0000)
  eden space 139776K,   4% used [0x00000000e0000000, 0x00000000e0597778, 0x00000000e8880000)
  from space 17472K,   0% used [0x00000000e9990000, 0x00000000e9990000, 0x00000000eaaa0000)
  to   space 17472K,   0% used [0x00000000e8880000, 0x00000000e8880000, 0x00000000e9990000)
 tenured generation   total 349568K, used 314048K [0x00000000eaaa0000, 0x0000000100000000, 0x0000000100000000)
   the space 349568K,  89% used [0x00000000eaaa0000, 0x00000000fdd50210, 0x00000000fdd50400, 0x0000000100000000)
 Metaspace       used 2604K, capacity 4486K, committed 4864K, reserved 1056768K
  class space    used 287K, capacity 386K, committed 512K, reserved 1048576K

F:\javacourse>java -XX:+UseSerialGC -Xms1024m -Xmx1024m  -XX:+PrintGCDetails -XX:+PrintGCDateStamps GCLogAnalysis
正在执行...
2020-10-27T19:59:41.474+0800: [GC (Allocation Failure) 2020-10-27T19:59:41.474+0800: [DefNew: 279616K->34944K(314560K), 0.0507405 secs] 279616K->84397K(1013632K), 0.0512548 secs] [Times: user=0.03 sys=0.02,
 real=0.05 secs]
2020-10-27T19:59:41.600+0800: [GC (Allocation Failure) 2020-10-27T19:59:41.601+0800: [DefNew: 314560K->34943K(314560K), 0.0724112 secs] 364013K->160352K(1013632K), 0.0729065 secs] [Times: user=0.05 sys=0.03
, real=0.07 secs]
2020-10-27T19:59:41.753+0800: [GC (Allocation Failure) 2020-10-27T19:59:41.754+0800: [DefNew: 314559K->34943K(314560K), 0.0471496 secs] 439968K->227320K(1013632K), 0.0483453 secs] [Times: user=0.03 sys=0.02
, real=0.05 secs]
2020-10-27T19:59:41.871+0800: [GC (Allocation Failure) 2020-10-27T19:59:41.871+0800: [DefNew: 314559K->34943K(314560K), 0.0561437 secs] 506936K->311657K(1013632K), 0.0565913 secs] [Times: user=0.03 sys=0.02
, real=0.06 secs]
2020-10-27T19:59:42.002+0800: [GC (Allocation Failure) 2020-10-27T19:59:42.002+0800: [DefNew: 314559K->34943K(314560K), 0.0546382 secs] 591273K->393258K(1013632K), 0.0551095 secs] [Times: user=0.05 sys=0.02
, real=0.05 secs]
2020-10-27T19:59:42.133+0800: [GC (Allocation Failure) 2020-10-27T19:59:42.133+0800: [DefNew: 314559K->34943K(314560K), 0.0537781 secs] 672874K->474801K(1013632K), 0.0544759 secs] [Times: user=0.06 sys=0.00
, real=0.06 secs]
2020-10-27T19:59:42.270+0800: [GC (Allocation Failure) 2020-10-27T19:59:42.270+0800: [DefNew: 314559K->34944K(314560K), 0.0553406 secs] 754417K->555452K(1013632K), 0.0557604 secs] [Times: user=0.03 sys=0.02
, real=0.06 secs]
执行结束!共生成对象次数:7498
Heap
 def new generation   total 314560K, used 46160K [0x00000000c0000000, 0x00000000d5550000, 0x00000000d5550000)
  eden space 279616K,   4% used [0x00000000c0000000, 0x00000000c0af4168, 0x00000000d1110000)
  from space 34944K, 100% used [0x00000000d3330000, 0x00000000d5550000, 0x00000000d5550000)
  to   space 34944K,   0% used [0x00000000d1110000, 0x00000000d1110000, 0x00000000d3330000)
 tenured generation   total 699072K, used 520508K [0x00000000d5550000, 0x0000000100000000, 0x0000000100000000)
   the space 699072K,  74% used [0x00000000d5550000, 0x00000000f519f298, 0x00000000f519f400, 0x0000000100000000)
 Metaspace       used 2604K, capacity 4486K, committed 4864K, reserved 1056768K
  class space    used 287K, capacity 386K, committed 512K, reserved 1048576K
  
 F:\javacourse>java -XX:+UseSerialGC -Xms512m -Xmx1024m  -XX:+PrintGCDetails -XX:+PrintGCDateStamps GCLogAnalysis
正在执行...
2020-10-27T20:02:33.985+0800: [GC (Allocation Failure) 2020-10-27T20:02:33.985+0800: [DefNew: 139776K->17471K(157248K), 0.0329411 secs] 139776K->43641K(506816K), 0.0334956 secs] [Times: user=0.03 sys=0.00,
real=0.03 secs]
2020-10-27T20:02:34.057+0800: [GC (Allocation Failure) 2020-10-27T20:02:34.058+0800: [DefNew: 157247K->17470K(157248K), 0.0438402 secs] 183417K->98879K(506816K), 0.0443568 secs] [Times: user=0.03 sys=0.02,
real=0.04 secs]
2020-10-27T20:02:34.137+0800: [GC (Allocation Failure) 2020-10-27T20:02:34.138+0800: [DefNew: 156986K->17470K(157248K), 0.0266098 secs] 238395K->136733K(506816K), 0.0271305 secs] [Times: user=0.02 sys=0.02,
 real=0.03 secs]
2020-10-27T20:02:34.201+0800: [GC (Allocation Failure) 2020-10-27T20:02:34.201+0800: [DefNew: 157178K->17471K(157248K), 0.0299781 secs] 276440K->182637K(506816K), 0.0303974 secs] [Times: user=0.01 sys=0.01,
 real=0.03 secs]
2020-10-27T20:02:34.267+0800: [GC (Allocation Failure) 2020-10-27T20:02:34.267+0800: [DefNew: 157247K->17470K(157248K), 0.0326933 secs] 322413K->229915K(506816K), 0.0340046 secs] [Times: user=0.03 sys=0.00,
 real=0.03 secs]
2020-10-27T20:02:34.339+0800: [GC (Allocation Failure) 2020-10-27T20:02:34.340+0800: [DefNew: 157246K->17471K(157248K), 0.0285749 secs] 369691K->272418K(506816K), 0.0304636 secs] [Times: user=0.01 sys=0.02,
 real=0.03 secs]
2020-10-27T20:02:34.407+0800: [GC (Allocation Failure) 2020-10-27T20:02:34.407+0800: [DefNew: 157247K->17469K(157248K), 0.0325516 secs] 412194K->315990K(506816K), 0.0331263 secs] [Times: user=0.02 sys=0.01,
 real=0.03 secs]
2020-10-27T20:02:34.482+0800: [GC (Allocation Failure) 2020-10-27T20:02:34.483+0800: [DefNew: 157245K->17471K(157248K), 0.0244894 secs] 455766K->352508K(506816K), 0.0249289 secs] [Times: user=0.03 sys=0.00,
 real=0.02 secs]
2020-10-27T20:02:34.546+0800: [GC (Allocation Failure) 2020-10-27T20:02:34.546+0800: [DefNew: 157247K->17471K(157248K), 0.0313925 secs]2020-10-27T20:02:34.579+0800: [Tenured: 383658K->284275K(383756K), 0.05
58901 secs] 492284K->284275K(541004K), [Metaspace: 2598K->2598K(1056768K)], 0.0886839 secs] [Times: user=0.05 sys=0.03, real=0.09 secs]
2020-10-27T20:02:34.691+0800: [GC (Allocation Failure) 2020-10-27T20:02:34.692+0800: [DefNew: 189568K->23679K(213248K), 0.0227733 secs] 473843K->349293K(687044K), 0.0233630 secs] [Times: user=0.02 sys=0.00,
 real=0.02 secs]
2020-10-27T20:02:34.767+0800: [GC (Allocation Failure) 2020-10-27T20:02:34.767+0800: [DefNew: 213247K->23680K(213248K), 0.0259421 secs] 538861K->403219K(687044K), 0.0263344 secs] [Times: user=0.02 sys=0.00,
 real=0.03 secs]
2020-10-27T20:02:34.845+0800: [GC (Allocation Failure) 2020-10-27T20:02:34.845+0800: [DefNew: 213248K->23679K(213248K), 0.0380660 secs] 592787K->459604K(687044K), 0.0387295 secs] [Times: user=0.03 sys=0.00,
 real=0.04 secs]
执行结束!共生成对象次数:6896
Heap
 def new generation   total 213248K, used 31296K [0x00000000c0000000, 0x00000000ce760000, 0x00000000d5550000)
  eden space 189568K,   4% used [0x00000000c0000000, 0x00000000c0770358, 0x00000000cb920000)
  from space 23680K,  99% used [0x00000000cd040000, 0x00000000ce75fcd8, 0x00000000ce760000)
  to   space 23680K,   0% used [0x00000000cb920000, 0x00000000cb920000, 0x00000000cd040000)
 tenured generation   total 473796K, used 435925K [0x00000000d5550000, 0x00000000f2401000, 0x0000000100000000)
   the space 473796K,  92% used [0x00000000d5550000, 0x00000000eff05450, 0x00000000eff05600, 0x00000000f2401000)
 Metaspace       used 2604K, capacity 4486K, committed 4864K, reserved 1056768K
  class space    used 287K, capacity 386K, committed 512K, reserved 1048576K

